NBA Standings · 2025-26

East
#  TEAM                 W   L   PCT   GB    STRK  L10
1  Boston Celtics       58  24  .707  —     W3    8-2
2  Cleveland Cavaliers  48  34  .585  10.0  L1    5-5

West
#  TEAM                W   L   PCT   GB   STRK  L10
1  Denver Nuggets      53  29  .646  —    W2    7-3
2  Los Angeles Lakers  50  32  .610  3.0  W1    6-4
